<?xml version="1.0" encoding="utf-8"?><testsuites name="pytest tests"><testsuite name="pytest" errors="0" failures="0" skipped="0" tests="257" time="6.533" timestamp="2025-11-23T19:22:20.879950-08:00" hostname="Mac"><testcase classname="tests.cli.test_main" name="test_main_help" file="tests/cli/test_main.py" line="12" time="0.041" /><testcase classname="tests.cli.test_main" name="test_main_no_args" file="tests/cli/test_main.py" line="22" time="0.010" /><testcase classname="tests.cli.test_main" name="test_version_command" file="tests/cli/test_main.py" line="29" time="0.041" /><testcase classname="tests.cli.test_main" name="test_invalid_command" file="tests/cli/test_main.py" line="37" time="0.008" /><testcase classname="tests.cli.test_main" name="test_segmenter_subcommand_exists" file="tests/cli/test_main.py" line="43" time="0.009" /><testcase classname="tests.cli.test_main" name="test_solver_subcommand_exists" file="tests/cli/test_main.py" line="50" time="0.009" /><testcase classname="tests.cli.test_main" name="test_mcp_subcommand_exists" file="tests/cli/test_main.py" line="57" time="0.009" /><testcase classname="tests.cli.test_options" name="test_verbose_option_type" file="tests/cli/test_options.py" line="3" time="0.000" /><testcase classname="tests.config.cli.test_process_map" name="test_process_map_help" file="tests/config/cli/test_process_map.py" line="42" time="0.017" /><testcase classname="tests.config.cli.test_process_map" name="test_create_process_map_single_parameter" file="tests/config/cli/test_process_map.py" line="57" time="0.135" /><testcase classname="tests.config.cli.test_process_map" name="test_create_process_map_single_parameter_verbose" file="tests/config/cli/test_process_map.py" line="93" time="0.006" /><testcase classname="tests.config.cli.test_process_map" name="test_create_process_map_two_parameters" file="tests/config/cli/test_process_map.py" line="128" time="0.006" /><testcase classname="tests.config.cli.test_process_map" name="test_create_process_map_three_parameters" file="tests/config/cli/test_process_map.py" line="175" time="0.007" /><testcase classname="tests.config.cli.test_process_map" name="test_process_map_no_parameters_error" file="tests/config/cli/test_process_map.py" line="233" time="0.005" /><testcase classname="tests.config.cli.test_process_map" name="test_process_map_incomplete_parameter_error" file="tests/config/cli/test_process_map.py" line="250" time="0.005" /><testcase classname="tests.config.cli.test_process_map" name="test_process_map_missing_min_value" file="tests/config/cli/test_process_map.py" line="277" time="0.005" /><testcase classname="tests.config.cli.test_process_map" name="test_process_map_missing_unit" file="tests/config/cli/test_process_map.py" line="304" time="0.005" /><testcase classname="tests.config.cli.test_process_map" name="test_process_map_partial_second_parameter" file="tests/config/cli/test_process_map.py" line="331" time="0.005" /><testcase classname="tests.config.cli.test_process_map" name="test_process_map_file_content_structure" file="tests/config/cli/test_process_map.py" line="366" time="0.005" /><testcase classname="tests.config.cli.test_process_map" name="test_process_map_correct_units" file="tests/config/cli/test_process_map.py" line="402" time="0.006" /><testcase classname="tests.config.cli.test_process_map" name="test_process_map_default_name" file="tests/config/cli/test_process_map.py" line="439" time="0.005" /><testcase classname="tests.config.cli.test_process_map" name="test_process_map_load_and_verify_cartesian_product" file="tests/config/cli/test_process_map.py" line="473" time="0.005" /><testcase classname="tests.config.test_build_parameters" name="test_create_default_returns_quantities" file="tests/config/test_build_parameters.py" line="12" time="0.000" /><testcase classname="tests.config.test_build_parameters" name="test_valid_build_parameters_parsing_from_quantity" file="tests/config/test_build_parameters.py" line="25" time="0.000" /><testcase classname="tests.config.test_build_parameters" name="test_valid_build_parameters_parsing_from_float_defaults" file="tests/config/test_build_parameters.py" line="40" time="0.000" /><testcase classname="tests.config.test_build_parameters" name="test_valid_build_parameters_parsing_from_tuple" file="tests/config/test_build_parameters.py" line="55" time="0.001" /><testcase classname="tests.config.test_build_parameters" name="test_invalid_type_raises" file="tests/config/test_build_parameters.py" line="70" time="0.000" /><testcase classname="tests.config.test_build_parameters" name="test_build_parameters_to_dict" file="tests/config/test_build_parameters.py" line="85" time="0.000" /><testcase classname="tests.config.test_build_parameters" name="test_save_and_load" file="tests/config/test_build_parameters.py" line="105" time="0.002" /><testcase classname="tests.config.test_material" name="test_create_default_returns_quantities" file="tests/config/test_material.py" line="12" time="0.001" /><testcase classname="tests.config.test_material" name="test_valid_material_parsing_from_quantity" file="tests/config/test_material.py" line="32" time="0.001" /><testcase classname="tests.config.test_material" name="test_valid_material_parsing_from_float_defaults" file="tests/config/test_material.py" line="53" time="0.000" /><testcase classname="tests.config.test_material" name="test_valid_material_parsing_from_tuple" file="tests/config/test_material.py" line="74" time="0.001" /><testcase classname="tests.config.test_material" name="test_invalid_type_raises" file="tests/config/test_material.py" line="95" time="0.000" /><testcase classname="tests.config.test_material" name="test_material_to_dict" file="tests/config/test_material.py" line="110" time="0.000" /><testcase classname="tests.config.test_material" name="test_save_and_load" file="tests/config/test_material.py" line="134" time="0.001" /><testcase classname="tests.config.test_mcp" name="test_config_tool_registered" file="tests/config/test_mcp.py" line="53" time="0.016" /><testcase classname="tests.config.test_mcp" name="test_config_tool_has_nested_models" file="tests/config/test_mcp.py" line="63" time="0.014" /><testcase classname="tests.config.test_mcp" name="test_build_parameters_input_has_all_fields" file="tests/config/test_mcp.py" line="83" time="0.014" /><testcase classname="tests.config.test_mcp" name="test_material_input_has_all_fields" file="tests/config/test_mcp.py" line="107" time="0.014" /><testcase classname="tests.config.test_mcp" name="test_mesh_parameters_input_has_all_fields" file="tests/config/test_mcp.py" line="131" time="0.015" /><testcase classname="tests.config.test_mcp" name="test_create_build_parameters_only" file="tests/config/test_mcp.py" line="164" time="0.021" /><testcase classname="tests.config.test_mcp" name="test_create_material_only" file="tests/config/test_mcp.py" line="192" time="0.016" /><testcase classname="tests.config.test_mcp" name="test_create_mesh_parameters_only" file="tests/config/test_mcp.py" line="220" time="0.016" /><testcase classname="tests.config.test_mcp" name="test_create_multiple_configs" file="tests/config/test_mcp.py" line="251" time="0.017" /><testcase classname="tests.config.test_mcp" name="test_create_with_defaults" file="tests/config/test_mcp.py" line="278" time="0.016" /><testcase classname="tests.config.test_mcp" name="test_no_config_provided_returns_error" file="tests/config/test_mcp.py" line="299" time="0.016" /><testcase classname="tests.config.test_mcp" name="test_partial_field_override" file="tests/config/test_mcp.py" line="313" time="0.016" /><testcase classname="tests.config.test_mcp" name="test_creates_directories_if_not_exist" file="tests/config/test_mcp.py" line="340" time="0.015" /><testcase classname="tests.config.test_mesh_parameters" name="test_create_default_returns_quantities" file="tests/config/test_mesh_parameters.py" line="12" time="0.000" /><testcase classname="tests.config.test_mesh_parameters" name="test_valid_mesh_parameters_parsing_from_quantity" file="tests/config/test_mesh_parameters.py" line="28" time="0.000" /><testcase classname="tests.config.test_mesh_parameters" name="test_valid_mesh_parameters_parsing_from_float_defaults" file="tests/config/test_mesh_parameters.py" line="61" time="0.000" /><testcase classname="tests.config.test_mesh_parameters" name="test_valid_mesh_parameters_parsing_from_tuple" file="tests/config/test_mesh_parameters.py" line="91" time="0.001" /><testcase classname="tests.config.test_mesh_parameters" name="test_boundary_condition_validation" file="tests/config/test_mesh_parameters.py" line="122" time="0.001" /><testcase classname="tests.config.test_mesh_parameters" name="test_invalid_type_raises" file="tests/config/test_mesh_parameters.py" line="131" time="0.000" /><testcase classname="tests.config.test_mesh_parameters" name="test_mesh_parameters_to_dict" file="tests/config/test_mesh_parameters.py" line="145" time="0.000" /><testcase classname="tests.config.test_mesh_parameters" name="test_save_and_load" file="tests/config/test_mesh_parameters.py" line="181" time="0.001" /><testcase classname="tests.config.test_mesh_parameters" name="test_x_start_property" file="tests/config/test_mesh_parameters.py" line="221" time="0.000" /><testcase classname="tests.config.test_mesh_parameters" name="test_x_end_property" file="tests/config/test_mesh_parameters.py" line="233" time="0.000" /><testcase classname="tests.config.test_mesh_parameters" name="test_y_start_property" file="tests/config/test_mesh_parameters.py" line="245" time="0.000" /><testcase classname="tests.config.test_mesh_parameters" name="test_y_end_property" file="tests/config/test_mesh_parameters.py" line="257" time="0.000" /><testcase classname="tests.config.test_mesh_parameters" name="test_z_start_property" file="tests/config/test_mesh_parameters.py" line="269" time="0.000" /><testcase classname="tests.config.test_mesh_parameters" name="test_z_end_property" file="tests/config/test_mesh_parameters.py" line="281" time="0.000" /><testcase classname="tests.config.test_process_map" name="test_create_default_empty_process_map" file="tests/config/test_process_map.py" line="11" time="0.000" /><testcase classname="tests.config.test_process_map" name="test_create_process_map_with_parameters_and_points" file="tests/config/test_process_map.py" line="18" time="0.000" /><testcase classname="tests.config.test_process_map" name="test_create_process_map_with_single_parameter" file="tests/config/test_process_map.py" line="38" time="0.000" /><testcase classname="tests.config.test_process_map" name="test_create_process_map_with_multiple_parameters" file="tests/config/test_process_map.py" line="53" time="0.000" /><testcase classname="tests.config.test_process_map" name="test_process_map_serialization_empty" file="tests/config/test_process_map.py" line="77" time="0.000" /><testcase classname="tests.config.test_process_map" name="test_process_map_serialization_with_data" file="tests/config/test_process_map.py" line="86" time="0.000" /><testcase classname="tests.config.test_process_map" name="test_process_map_serialization_structure" file="tests/config/test_process_map.py" line="113" time="0.000" /><testcase classname="tests.config.test_process_map" name="test_from_dict_empty" file="tests/config/test_process_map.py" line="135" time="0.000" /><testcase classname="tests.config.test_process_map" name="test_from_dict_with_data" file="tests/config/test_process_map.py" line="144" time="0.000" /><testcase classname="tests.config.test_process_map" name="test_from_dict_missing_parameters" file="tests/config/test_process_map.py" line="176" time="0.000" /><testcase classname="tests.config.test_process_map" name="test_from_dict_missing_points" file="tests/config/test_process_map.py" line="185" time="0.000" /><testcase classname="tests.config.test_process_map" name="test_from_dict_partial_point" file="tests/config/test_process_map.py" line="194" time="0.000" /><testcase classname="tests.config.test_process_map" name="test_serialization_deserialization_round_trip" file="tests/config/test_process_map.py" line="219" time="0.000" /><testcase classname="tests.config.test_process_map" name="test_multiple_round_trips" file="tests/config/test_process_map.py" line="248" time="0.000" /><testcase classname="tests.config.test_process_map" name="test_empty_parameters_with_points" file="tests/config/test_process_map.py" line="272" time="0.000" /><testcase classname="tests.config.test_process_map" name="test_parameters_without_points" file="tests/config/test_process_map.py" line="284" time="0.000" /><testcase classname="tests.config.test_process_map" name="test_different_units_for_same_parameter" file="tests/config/test_process_map.py" line="294" time="0.000" /><testcase classname="tests.config.test_process_map" name="test_create_process_map_from_single_parameter_range" file="tests/config/test_process_map.py" line="316" time="0.000" /><testcase classname="tests.config.test_process_map" name="test_create_process_map_from_two_parameter_ranges" file="tests/config/test_process_map.py" line="330" time="0.000" /><testcase classname="tests.config.test_process_map" name="test_parameter_ranges_not_stored_in_model" file="tests/config/test_process_map.py" line="358" time="0.000" /><testcase classname="tests.config.test_process_map" name="test_parameter_ranges_serialization_round_trip" file="tests/config/test_process_map.py" line="374" time="0.000" /><testcase classname="tests.config.test_process_map" name="test_empty_parameter_ranges" file="tests/config/test_process_map.py" line="393" time="0.000" /><testcase classname="tests.config.test_process_map" name="test_parameter_ranges_with_none" file="tests/config/test_process_map.py" line="401" time="0.000" /><testcase classname="tests.config.test_process_map" name="test_parameter_ranges_exceeds_max" file="tests/config/test_process_map.py" line="409" time="0.000" /><testcase classname="tests.config.test_process_map" name="test_direct_parameters_exceeds_max" file="tests/config/test_process_map.py" line="422" time="0.000" /><testcase classname="tests.process_map.test_classification" name="test_keyhole_exactly_at_threshold" file="tests/process_map/test_classification.py" line="15" time="0.000" /><testcase classname="tests.process_map.test_classification" name="test_keyhole_below_threshold" file="tests/process_map/test_classification.py" line="22" time="0.000" /><testcase classname="tests.process_map.test_classification" name="test_keyhole_above_threshold" file="tests/process_map/test_classification.py" line="30" time="0.000" /><testcase classname="tests.process_map.test_classification" name="test_keyhole_very_narrow" file="tests/process_map/test_classification.py" line="38" time="0.000" /><testcase classname="tests.process_map.test_classification" name="test_keyhole_very_wide" file="tests/process_map/test_classification.py" line="46" time="0.000" /><testcase classname="tests.process_map.test_classification" name="test_keyhole_with_decimal_values" file="tests/process_map/test_classification.py" line="54" time="0.000" /><testcase classname="tests.process_map.test_classification" name="test_keyhole_equal_width_depth" file="tests/process_map/test_classification.py" line="62" time="0.000" /><testcase classname="tests.process_map.test_classification" name="test_lack_of_fusion_exactly_at_threshold" file="tests/process_map/test_classification.py" line="75" time="0.000" /><testcase classname="tests.process_map.test_classification" name="test_lack_of_fusion_above_threshold" file="tests/process_map/test_classification.py" line="86" time="0.000" /><testcase classname="tests.process_map.test_classification" name="test_lack_of_fusion_below_threshold" file="tests/process_map/test_classification.py" line="96" time="0.000" /><testcase classname="tests.process_map.test_classification" name="test_lack_of_fusion_small_spacing_large_pool" file="tests/process_map/test_classification.py" line="106" time="0.000" /><testcase classname="tests.process_map.test_classification" name="test_lack_of_fusion_large_spacing_small_pool" file="tests/process_map/test_classification.py" line="116" time="0.000" /><testcase classname="tests.process_map.test_classification" name="test_lack_of_fusion_realistic_values" file="tests/process_map/test_classification.py" line="126" time="0.000" /><testcase classname="tests.process_map.test_classification" name="test_lack_of_fusion_good_overlap" file="tests/process_map/test_classification.py" line="136" time="0.000" /><testcase classname="tests.process_map.test_classification" name="test_lack_of_fusion_asymmetric_conditions" file="tests/process_map/test_classification.py" line="146" time="0.000" /><testcase classname="tests.process_map.test_classification" name="test_balling_exactly_at_threshold" file="tests/process_map/test_classification.py" line="161" time="0.000" /><testcase classname="tests.process_map.test_classification" name="test_balling_above_threshold" file="tests/process_map/test_classification.py" line="169" time="0.000" /><testcase classname="tests.process_map.test_classification" name="test_balling_below_threshold" file="tests/process_map/test_classification.py" line="177" time="0.000" /><testcase classname="tests.process_map.test_classification" name="test_balling_very_elongated" file="tests/process_map/test_classification.py" line="185" time="0.000" /><testcase classname="tests.process_map.test_classification" name="test_balling_nearly_circular" file="tests/process_map/test_classification.py" line="193" time="0.000" /><testcase classname="tests.process_map.test_classification" name="test_balling_realistic_values" file="tests/process_map/test_classification.py" line="201" time="0.000" /><testcase classname="tests.process_map.test_classification" name="test_balling_slightly_above_threshold" file="tests/process_map/test_classification.py" line="209" time="0.000" /><testcase classname="tests.process_map.test_classification" name="test_balling_slightly_below_threshold" file="tests/process_map/test_classification.py" line="217" time="0.000" /><testcase classname="tests.process_map.test_classification" name="test_keyhole_with_zero_depth" file="tests/process_map/test_classification.py" line="230" time="0.000" /><testcase classname="tests.process_map.test_classification" name="test_lack_of_fusion_with_zero_width" file="tests/process_map/test_classification.py" line="238" time="0.000" /><testcase classname="tests.process_map.test_classification" name="test_lack_of_fusion_with_zero_depth" file="tests/process_map/test_classification.py" line="248" time="0.000" /><testcase classname="tests.process_map.test_classification" name="test_balling_with_zero_width" file="tests/process_map/test_classification.py" line="258" time="0.000" /><testcase classname="tests.process_map.test_classification" name="test_all_functions_with_same_dimensions" file="tests/process_map/test_classification.py" line="271" time="0.000" /><testcase classname="tests.process_map.test_classification" name="test_good_process_parameters" file="tests/process_map/test_classification.py" line="292" time="0.000" /><testcase classname="tests.process_map.test_classification" name="test_poor_process_parameters" file="tests/process_map/test_classification.py" line="307" time="0.000" /><testcase classname="tests.process_map.test_create" name="test_create_process_map_folder_basic" file="tests/process_map/test_create.py" line="14" time="0.003" /><testcase classname="tests.process_map.test_create" name="test_create_process_map_folder_creates_config_subfolder" file="tests/process_map/test_create.py" line="38" time="0.002" /><testcase classname="tests.process_map.test_create" name="test_create_process_map_folder_creates_plots_subfolder" file="tests/process_map/test_create.py" line="62" time="0.002" /><testcase classname="tests.process_map.test_create" name="test_create_process_map_folder_saves_build_parameters" file="tests/process_map/test_create.py" line="91" time="0.002" /><testcase classname="tests.process_map.test_create" name="test_create_process_map_folder_saves_material" file="tests/process_map/test_create.py" line="122" time="0.002" /><testcase classname="tests.process_map.test_create" name="test_create_process_map_folder_saves_process_map" file="tests/process_map/test_create.py" line="153" time="0.002" /><testcase classname="tests.process_map.test_create" name="test_create_process_map_folder_all_config_files_present" file="tests/process_map/test_create.py" line="182" time="0.002" /><testcase classname="tests.process_map.test_create" name="test_create_process_map_folder_without_force_succeeds_if_exists" file="tests/process_map/test_create.py" line="213" time="0.003" /><testcase classname="tests.process_map.test_create" name="test_create_process_map_folder_with_force_overwrites" file="tests/process_map/test_create.py" line="247" time="0.003" /><testcase classname="tests.process_map.test_create" name="test_create_process_map_folder_with_custom_workspace_path" file="tests/process_map/test_create.py" line="294" time="0.002" /><testcase classname="tests.process_map.test_create" name="test_create_process_map_folder_default_workspace_path" file="tests/process_map/test_create.py" line="318" time="0.002" /><testcase classname="tests.process_map.test_create" name="test_create_process_map_folder_nested_structure" file="tests/process_map/test_create.py" line="349" time="0.002" /><testcase classname="tests.process_map.test_create" name="test_create_process_map_folder_multiple_folders" file="tests/process_map/test_create.py" line="372" time="0.003" /><testcase classname="tests.process_map.test_create" name="test_create_process_map_folder_returns_workspace_folder" file="tests/process_map/test_create.py" line="411" time="0.002" /><testcase classname="tests.process_map.test_create" name="test_create_process_map_folder_full_workflow" file="tests/process_map/test_create.py" line="440" time="0.002" /><testcase classname="tests.process_map.test_models" name="test_melt_pool_classifications_default_values" file="tests/process_map/test_models.py" line="18" time="0.000" /><testcase classname="tests.process_map.test_models" name="test_melt_pool_classifications_with_all_true" file="tests/process_map/test_models.py" line="26" time="0.000" /><testcase classname="tests.process_map.test_models" name="test_melt_pool_classifications_with_all_false" file="tests/process_map/test_models.py" line="38" time="0.000" /><testcase classname="tests.process_map.test_models" name="test_melt_pool_classifications_with_mixed_values" file="tests/process_map/test_models.py" line="50" time="0.000" /><testcase classname="tests.process_map.test_models" name="test_melt_pool_classifications_partial_specification" file="tests/process_map/test_models.py" line="62" time="0.000" /><testcase classname="tests.process_map.test_models" name="test_melt_pool_classifications_invalid_type" file="tests/process_map/test_models.py" line="70" time="0.000" /><testcase classname="tests.process_map.test_models" name="test_melt_pool_classifications_serialization" file="tests/process_map/test_models.py" line="76" time="0.000" /><testcase classname="tests.process_map.test_models" name="test_process_map_point_creation_with_valid_data" file="tests/process_map/test_models.py" line="94" time="0.000" /><testcase classname="tests.process_map.test_models" name="test_process_map_point_with_custom_build_parameters" file="tests/process_map/test_models.py" line="122" time="0.000" /><testcase classname="tests.process_map.test_models" name="test_process_map_point_with_defects" file="tests/process_map/test_models.py" line="148" time="0.000" /><testcase classname="tests.process_map.test_models" name="test_process_map_point_missing_required_field" file="tests/process_map/test_models.py" line="175" time="0.000" /><testcase classname="tests.process_map.test_models" name="test_process_map_point_serialization" file="tests/process_map/test_models.py" line="194" time="0.000" /><testcase classname="tests.process_map.test_models" name="test_process_map_point_to_dict" file="tests/process_map/test_models.py" line="223" time="0.000" /><testcase classname="tests.process_map.test_models" name="test_process_map_point_from_dict" file="tests/process_map/test_models.py" line="273" time="0.001" /><testcase classname="tests.process_map.test_models" name="test_process_map_point_save_and_load" file="tests/process_map/test_models.py" line="308" time="0.001" /><testcase classname="tests.process_map.test_models" name="test_process_map_point_save_creates_directories" file="tests/process_map/test_models.py" line="381" time="0.001" /><testcase classname="tests.process_map.test_models" name="test_process_map_point_load_invalid_structure" file="tests/process_map/test_models.py" line="407" time="0.001" /><testcase classname="tests.process_map.test_models" name="test_process_map_point_round_trip_with_all_fields" file="tests/process_map/test_models.py" line="417" time="0.001" /><testcase classname="tests.process_map.test_models" name="test_process_map_points_empty_initialization" file="tests/process_map/test_models.py" line="493" time="0.000" /><testcase classname="tests.process_map.test_models" name="test_process_map_points_with_single_point" file="tests/process_map/test_models.py" line="500" time="0.000" /><testcase classname="tests.process_map.test_models" name="test_process_map_points_with_multiple_points" file="tests/process_map/test_models.py" line="523" time="0.001" /><testcase classname="tests.process_map.test_models" name="test_process_map_points_to_dict" file="tests/process_map/test_models.py" line="562" time="0.001" /><testcase classname="tests.process_map.test_models" name="test_process_map_points_save_and_load" file="tests/process_map/test_models.py" line="600" time="0.002" /><testcase classname="tests.process_map.test_models" name="test_process_map_points_save_empty_list" file="tests/process_map/test_models.py" line="667" time="0.001" /><testcase classname="tests.process_map.test_models" name="test_process_map_points_save_creates_directories" file="tests/process_map/test_models.py" line="679" time="0.001" /><testcase classname="tests.process_map.test_models" name="test_process_map_points_load_invalid_structure" file="tests/process_map/test_models.py" line="690" time="0.001" /><testcase classname="tests.process_map.test_models" name="test_process_map_points_round_trip_with_varied_data" file="tests/process_map/test_models.py" line="700" time="0.002" /><testcase classname="tests.process_map.test_plot" name="test_get_colormap_segment_returns_colormap" file="tests/process_map/test_plot.py" line="118" time="0.002" /><testcase classname="tests.process_map.test_plot" name="test_get_colormap_segment_at_start" file="tests/process_map/test_plot.py" line="127" time="0.002" /><testcase classname="tests.process_map.test_plot" name="test_get_colormap_segment_at_end" file="tests/process_map/test_plot.py" line="136" time="0.002" /><testcase classname="tests.process_map.test_plot" name="test_plot_process_map_2d_basic" file="tests/process_map/test_plot.py" line="150" time="0.181" /><testcase classname="tests.process_map.test_plot" name="test_plot_process_map_2d_custom_figsize" file="tests/process_map/test_plot.py" line="166" time="0.286" /><testcase classname="tests.process_map.test_plot" name="test_plot_process_map_2d_custom_dpi" file="tests/process_map/test_plot.py" line="183" time="0.064" /><testcase classname="tests.process_map.test_plot" name="test_plot_process_map_2d_transparent_background" file="tests/process_map/test_plot.py" line="200" time="0.146" /><testcase classname="tests.process_map.test_plot" name="test_plot_process_map_3d_basic" file="tests/process_map/test_plot.py" line="222" time="0.240" /><testcase classname="tests.process_map.test_plot" name="test_plot_process_map_3d_custom_settings" file="tests/process_map/test_plot.py" line="238" time="0.227" /><testcase classname="tests.process_map.test_plot" name="test_plot_process_map_file_is_valid_image" file="tests/process_map/test_plot.py" line="262" time="0.150" /><testcase classname="tests.process_map.test_plot" name="test_plot_process_map_closes_figure" file="tests/process_map/test_plot.py" line="288" time="0.151" /><testcase classname="tests.process_map.test_run" name="test_run_process_map_point_basic" file="tests/process_map/test_run.py" line="17" time="0.008" /><testcase classname="tests.process_map.test_run" name="test_run_process_map_point_with_custom_parameters" file="tests/process_map/test_run.py" line="31" time="0.007" /><testcase classname="tests.process_map.test_run" name="test_run_process_map_point_returns_melt_pool_dimensions" file="tests/process_map/test_run.py" line="46" time="0.007" /><testcase classname="tests.process_map.test_run" name="test_run_process_map_point_calculates_lack_of_fusion" file="tests/process_map/test_run.py" line="64" time="0.007" /><testcase classname="tests.process_map.test_run" name="test_run_process_map_point_with_high_power" file="tests/process_map/test_run.py" line="79" time="0.007" /><testcase classname="tests.process_map.test_run" name="test_run_process_map_point_with_low_power" file="tests/process_map/test_run.py" line="93" time="0.007" /><testcase classname="tests.process_map.test_run" name="test_run_process_map_point_with_different_materials" file="tests/process_map/test_run.py" line="107" time="0.015" /><testcase classname="tests.process_map.test_run" name="test_run_process_map_single_process_basic" file="tests/process_map/test_run.py" line="134" time="0.024" /><testcase classname="tests.process_map.test_run" name="test_run_process_map_single_process_saves_file" file="tests/process_map/test_run.py" line="163" time="0.016" /><testcase classname="tests.process_map.test_run" name="test_run_process_map_single_parameter" file="tests/process_map/test_run.py" line="196" time="0.023" /><testcase classname="tests.process_map.test_run" name="test_run_process_map_two_parameters" file="tests/process_map/test_run.py" line="225" time="0.032" /><testcase classname="tests.process_map.test_run" name="test_run_process_map_preserves_parameters" file="tests/process_map/test_run.py" line="261" time="0.023" /><testcase classname="tests.process_map.test_run" name="test_run_process_map_includes_classifications" file="tests/process_map/test_run.py" line="293" time="0.016" /><testcase classname="tests.process_map.test_run" name="test_run_process_map_multiprocess_basic" file="tests/process_map/test_run.py" line="328" time="0.722" /><testcase classname="tests.process_map.test_run" name="test_run_process_map_multiprocess_same_results_as_single" file="tests/process_map/test_run.py" line="357" time="0.714" /><testcase classname="tests.process_map.test_run" name="test_run_process_map_multiprocess_with_many_points" file="tests/process_map/test_run.py" line="393" time="0.709" /><testcase classname="tests.process_map.test_run" name="test_run_process_map_with_single_point" file="tests/process_map/test_run.py" line="433" time="0.009" /><testcase classname="tests.process_map.test_run" name="test_run_process_map_with_num_proc_zero" file="tests/process_map/test_run.py" line="460" time="0.016" /><testcase classname="tests.process_map.test_run" name="test_run_process_map_different_base_parameters" file="tests/process_map/test_run.py" line="489" time="0.016" /><testcase classname="tests.process_map.test_run" name="test_run_process_map_full_workflow" file="tests/process_map/test_run.py" line="530" time="0.023" /><testcase classname="tests.process_map.test_run" name="test_run_process_map_results_have_all_fields" file="tests/process_map/test_run.py" line="564" time="0.016" /><testcase classname="tests.process_map.test_run" name="test_run_process_map_varies_correct_parameter" file="tests/process_map/test_run.py" line="605" time="0.023" /><testcase classname="tests.process_map.test_utils" name="test_process_map_points_to_plot_data_1d_grid" file="tests/process_map/test_utils.py" line="48" time="0.001" /><testcase classname="tests.process_map.test_utils" name="test_process_map_points_to_plot_data_2d_grid" file="tests/process_map/test_utils.py" line="83" time="0.002" /><testcase classname="tests.process_map.test_utils" name="test_process_map_points_to_plot_data_2d_non_square_grid" file="tests/process_map/test_utils.py" line="124" time="0.002" /><testcase classname="tests.process_map.test_utils" name="test_process_map_points_to_plot_data_3d_grid" file="tests/process_map/test_utils.py" line="151" time="0.002" /><testcase classname="tests.process_map.test_utils" name="test_process_map_points_to_plot_data_unsorted_input" file="tests/process_map/test_utils.py" line="209" time="0.001" /><testcase classname="tests.process_map.test_utils" name="test_process_map_points_to_plot_data_2d_random_order" file="tests/process_map/test_utils.py" line="228" time="0.002" /><testcase classname="tests.process_map.test_utils" name="test_process_map_points_to_plot_data_single_point" file="tests/process_map/test_utils.py" line="266" time="0.000" /><testcase classname="tests.process_map.test_utils" name="test_process_map_points_to_plot_data_duplicate_parameters" file="tests/process_map/test_utils.py" line="279" time="0.001" /><testcase classname="tests.process_map.test_utils" name="test_process_map_points_to_plot_data_varying_melt_pool_properties" file="tests/process_map/test_utils.py" line="295" time="0.001" /><testcase classname="tests.process_map.test_utils" name="test_process_map_points_to_plot_data_axis_dict_consistency" file="tests/process_map/test_utils.py" line="339" time="0.001" /><testcase classname="tests.process_map.test_utils" name="test_process_map_points_to_plot_data_multiple_parameters_indexing" file="tests/process_map/test_utils.py" line="356" time="0.002" /><testcase classname="tests.process_map.test_utils" name="test_process_map_points_to_plot_data_empty_list" file="tests/process_map/test_utils.py" line="385" time="0.000" /><testcase classname="tests.solver.test_mesh.TestSolverMeshInitialization" name="test_create_instance" file="tests/solver/test_mesh.py" line="48" time="0.017" /><testcase classname="tests.solver.test_mesh.TestSolverMeshInitialization" name="test_initialize_grid" file="tests/solver/test_mesh.py" line="52" time="0.048" /><testcase classname="tests.solver.test_mesh.TestSolverMeshInitialization" name="test_initialize_grid_ranges" file="tests/solver/test_mesh.py" line="65" time="0.002" /><testcase classname="tests.solver.test_mesh.TestSolverMeshInitialization" name="test_initialize_grid_step_sizes" file="tests/solver/test_mesh.py" line="82" time="0.002" /><testcase classname="tests.solver.test_mesh.TestSolverMeshInitialization" name="test_initialize_grid_initial_positions" file="tests/solver/test_mesh.py" line="90" time="0.002" /><testcase classname="tests.solver.test_mesh.TestSolverMeshInitialization" name="test_initialize_grid_centered_ranges" file="tests/solver/test_mesh.py" line="98" time="0.024" /><testcase classname="tests.solver.test_mesh.TestSolverMeshDiffusion" name="test_diffuse_zero_time" file="tests/solver/test_mesh.py" line="119" time="0.019" /><testcase classname="tests.solver.test_mesh.TestSolverMeshDiffusion" name="test_diffuse_with_positive_time" file="tests/solver/test_mesh.py" line="132" time="0.131" /><testcase classname="tests.solver.test_mesh.TestSolverMeshDiffusion" name="test_diffuse_temperature_boundary_condition" file="tests/solver/test_mesh.py" line="153" time="0.003" /><testcase classname="tests.solver.test_mesh.TestSolverMeshDiffusion" name="test_diffuse_flux_boundary_condition" file="tests/solver/test_mesh.py" line="167" time="0.017" /><testcase classname="tests.solver.test_mesh.TestSolverMeshUpdateXY" name="test_update_xy_absolute_mode" file="tests/solver/test_mesh.py" line="185" time="0.003" /><testcase classname="tests.solver.test_mesh.TestSolverMeshUpdateXY" name="test_update_xy_updates_indices" file="tests/solver/test_mesh.py" line="216" time="0.003" /><testcase classname="tests.solver.test_mesh.TestSolverMeshGraft" name="test_graft_adds_to_grid" file="tests/solver/test_mesh.py" line="249" time="0.049" /><testcase classname="tests.solver.test_mesh.TestSolverMeshSaveLoad" name="test_save_creates_file" file="tests/solver/test_mesh.py" line="267" time="0.005" /><testcase classname="tests.solver.test_mesh.TestSolverMeshSaveLoad" name="test_load_restores_mesh" file="tests/solver/test_mesh.py" line="278" time="0.019" /><testcase classname="tests.solver.test_mesh.TestSolverMeshVisualization" name="test_visualize_2d_creates_plot" file="tests/solver/test_mesh.py" line="315" time="0.054" /><testcase classname="tests.solver.test_mesh.TestSolverMeshVisualization" name="test_visualize_2d_with_parameters" file="tests/solver/test_mesh.py" line="325" time="0.019" /><testcase classname="tests.solver.test_mesh.TestSolverMeshVisualization" name="test_visualize_2d_transparent_mode" file="tests/solver/test_mesh.py" line="343" time="0.060" /><testcase classname="tests.solver.test_segment" name="test_valid_segment_parsing_from_quantity" file="tests/solver/test_segment.py" line="12" time="0.000" /><testcase classname="tests.solver.test_segment" name="test_valid_segment_parsing_from_tuple" file="tests/solver/test_segment.py" line="41" time="0.000" /><testcase classname="tests.solver.test_segment" name="test_segment_with_different_units" file="tests/solver/test_segment.py" line="72" time="0.000" /><testcase classname="tests.solver.test_segment" name="test_invalid_type_raises" file="tests/solver/test_segment.py" line="98" time="0.000" /><testcase classname="tests.solver.test_segment" name="test_missing_required_field_raises" file="tests/solver/test_segment.py" line="116" time="0.000" /><testcase classname="tests.solver.test_segment" name="test_invalid_travel_type_raises" file="tests/solver/test_segment.py" line="126" time="0.000" /><testcase classname="tests.solver.test_segment" name="test_segment_to_dict" file="tests/solver/test_segment.py" line="149" time="0.000" /><testcase classname="tests.solver.test_segment" name="test_save_and_load" file="tests/solver/test_segment.py" line="194" time="0.002" /><testcase classname="tests.solver.test_segment" name="test_save_and_load_with_different_units" file="tests/solver/test_segment.py" line="238" time="0.001" /><testcase classname="tests.workspace.test_create.TestCreateAdditiveManufacturingWorkspace" name="test_basic_creation" file="tests/workspace/test_create.py" line="21" time="0.004" /><testcase classname="tests.workspace.test_create.TestCreateAdditiveManufacturingWorkspace" name="test_creates_workspace_directory" file="tests/workspace/test_create.py" line="31" time="0.004" /><testcase classname="tests.workspace.test_create.TestCreateAdditiveManufacturingWorkspace" name="test_creates_configs_folder" file="tests/workspace/test_create.py" line="42" time="0.003" /><testcase classname="tests.workspace.test_create.TestCreateAdditiveManufacturingWorkspace" name="test_creates_parts_folder" file="tests/workspace/test_create.py" line="55" time="0.004" /><testcase classname="tests.workspace.test_create.TestCreateAdditiveManufacturingWorkspace" name="test_creates_default_config_files" file="tests/workspace/test_create.py" line="66" time="0.004" /><testcase classname="tests.workspace.test_create.TestCreateAdditiveManufacturingWorkspace" name="test_with_examples" file="tests/workspace/test_create.py" line="78" time="0.008" /><testcase classname="tests.workspace.test_create.TestCreateAdditiveManufacturingWorkspace" name="test_with_force" file="tests/workspace/test_create.py" line="91" time="0.006" /><testcase classname="tests.workspace.test_create.TestCreateAdditiveManufacturingWorkspace" name="test_config_files_are_loadable" file="tests/workspace/test_create.py" line="112" time="0.003" /><testcase classname="tests.workspace.test_create.TestCreateWorkspaceConfigsFolder" name="test_basic_creation" file="tests/workspace/test_create.py" line="143" time="0.003" /><testcase classname="tests.workspace.test_create.TestCreateWorkspaceConfigsFolder" name="test_creates_subdirectories" file="tests/workspace/test_create.py" line="154" time="0.003" /><testcase classname="tests.workspace.test_create.TestCreateWorkspaceConfigsFolder" name="test_creates_default_files" file="tests/workspace/test_create.py" line="165" time="0.003" /><testcase classname="tests.workspace.test_create.TestCreateWorkspaceConfigsFolder" name="test_with_force" file="tests/workspace/test_create.py" line="176" time="0.004" /><testcase classname="tests.workspace.test_create.TestCreateWorkspaceConfigsFolder" name="test_build_parameters_content" file="tests/workspace/test_create.py" line="196" time="0.003" /><testcase classname="tests.workspace.test_create.TestCreateWorkspaceConfigsFolder" name="test_material_content" file="tests/workspace/test_create.py" line="211" time="0.003" /><testcase classname="tests.workspace.test_create.TestCreateWorkspaceConfigsFolder" name="test_mesh_parameters_content" file="tests/workspace/test_create.py" line="226" time="0.003" /><testcase classname="tests.workspace.test_create.TestCreateWorkspaceConfigsFolder" name="test_return_value" file="tests/workspace/test_create.py" line="241" time="0.003" /><testcase classname="tests.workspace.test_create.TestCreateWorkspaceConfigsFolder" name="test_all_files_are_valid_json" file="tests/workspace/test_create.py" line="251" time="0.003" /><testcase classname="tests.workspace.test_create.TestCreateWorkspacePartsFolder" name="test_basic_creation" file="tests/workspace/test_create.py" line="281" time="0.001" /><testcase classname="tests.workspace.test_create.TestCreateWorkspacePartsFolder" name="test_with_force" file="tests/workspace/test_create.py" line="293" time="0.001" /><testcase classname="tests.workspace.test_create.TestCreateWorkspacePartsFolder" name="test_with_examples" file="tests/workspace/test_create.py" line="314" time="0.002" /><testcase classname="tests.workspace.test_create.TestCreateWorkspacePartsFolder" name="test_example_file_contents" file="tests/workspace/test_create.py" line="329" time="0.005" /><testcase classname="tests.workspace.test_create.TestCreateWorkspacePartsFolder" name="test_preserves_custom_files" file="tests/workspace/test_create.py" line="351" time="0.001" /><testcase classname="tests.workspace.test_create.TestCreateWorkspacePartsFolder" name="test_return_value_without_examples" file="tests/workspace/test_create.py" line="367" time="0.001" /><testcase classname="tests.workspace.test_create.TestCreateWorkspacePartsFolder" name="test_return_value_with_examples" file="tests/workspace/test_create.py" line="377" time="0.005" /><testcase classname="tests.workspace.test_create.TestCreateWorkspacePartsFolder" name="test_empty_data_directory" file="tests/workspace/test_create.py" line="387" time="0.001" /></testsuite></testsuites>
